eyJhbGciOiJFUzI1NiJ9.eyJyZWRpcmVjdF91cmkiOiJodHRwczovL2Z1bmN0aW9uYWxmaW5hbmNlLmlvL2F1dGgiLCJjbGllbnRfaWQiOiJmdW5jdGlvbmFsZmluYW5jZS5pbyIsImNsYWltcyI6eyJ1c2VyaW5mbyI6bnVsbCwiaWRfdG9rZW4iOnsic3ViIjp7InZhbHVlcyI6WyJ1MTIzNDUiXSwiZXNzZW50aWFsIjpmYWxzZX0sImFjciI6eyJ2YWx1ZXMiOlsidXJuOmNkcy5hdTpjZHI6MyJdLCJlc3NlbnRpYWwiOnRydWV9fX0sImlzcyI6ImxhbWJkYWJhbmsuaW8iLCJyZXNwb25zZV90eXBlIjoiY29kZSBpZF90b2tlbiIsInNjb3BlIjpbIm9wZW5pZCJdLCJhdWQiOiJodHRwczovL2xhbWJkYWJhbmsuaW8iLCJub25jZSI6ImZocXdnYWQifQ