eyJhbGciOiJFUzI1NiJ9.eyJyZWRpcmVjdF91cmkiOiJodHRwczovL2Z1bmN0aW9uYWxmaW5hbmNlLmlvL2F1dGgiLCJjbGllbnRfaWQiOiJmdW5jdGlvbmFsZmluYW5jZS5pbyIsImNsYWltcyI6eyJ1c2VyaW5mbyI6bnVsbCwiaWRfdG9rZW4iOnsic3ViIjp7InZhbHVlcyI6WyJ1MTIzNDUiXSwiZXNzZW50aWFsIjpmYWxzZX0sImFjciI6eyJ2YWx1ZXMiOlsidXJuOmNkcy5hdTpjZHI6MyJdLCJlc3NlbnRpYWwiOnRydWV9fX0sImlzcyI6ImZ1bmN0aW9uYWxmaW5hbmNlLmlvIiwicmVzcG9uc2VfdHlwZSI6ImNvZGUgaWRfdG9rZW4iLCJzY29wZSI6WyJvcGVuaWQiXSwiYXVkIjoiaHR0cHM6Ly9sYW1iZGFiYW5rLmlvIiwibm9uY2UiOiJmaHF3Z2FkIn0