{"signature":"7tM11wyCIe71lnBG6XyBtEMTXEV99rfbQxZlvrykVNq1odCNAtpl19poN63OGI_pEp6nR-0jBR7QK50crDJ9TA","protected":"eyJhbGciOiJFUzI1NiJ9","payload":"eyJwcm9tcHQiOiJzZWxlY3RfYWNjb3VudCIsInN0YXRlIjoicjRuZDBtIiwicmVkaXJlY3RfdXJpIjoiaHR0cHM6Ly9mdW5jdGlvbmFsZmluYW5jZS5pby9hdXRoIiwiY2xpZW50X2lkIjoiZnVuY3Rpb25hbGZpbmFuY2UuaW8iLCJjbGFpbXMiOnsidXNlcmluZm8iOm51bGwsImlkX3Rva2VuIjp7InN1YiI6eyJ2YWx1ZXMiOlsidTEyMzQ1Il0sImVzc2VudGlhbCI6ZmFsc2V9LCJhY3IiOnsidmFsdWVzIjpbInVybjpjZHMuYXU6Y2RyOjMiXSwiZXNzZW50aWFsIjp0cnVlfX19LCJpc3MiOiJmdW5jdGlvbmFsZmluYW5jZS5pbyIsInJlc3BvbnNlX3R5cGUiOiJjb2RlIGlkX3Rva2VuIiwic2NvcGUiOiJvcGVuaWQiLCJhdWQiOiJodHRwczovL2xhbWJkYWJhbmsuaW8iLCJub25jZSI6ImZocXdnYWQifQ"}